>>> rd
{'HorizontalSelector': 0, 'VerticalSelector': 0, 'CTone': 5, 'ToneRange': 5, 'ATone': 5, 'TREM': 0, 'VIB': 0, 'S': '(|(+AB)(+CD))', 'BVol': 5, 'AUX0': 0, 'AUX1': 0, 'AVol': 5, 'CVol': 5, 'BTone': 5, 'MasterVol': 5, 'DTone': 5, 'DVol': 5, 'MasterTone': 5, 'Name': '(0,0)'}
>>> 
>>> p.header
['HorizontalSelector', 'VerticalSelector', 'Name', 'MasterVol', 'MasterTone', 'AVol', 'ATone', 'BVol', 'BTone', 'CVol', 'CTone', 'DVol', 'DTone', 'ToneRange', 'S', 'TREM', 'VIB', 'AUX0', 'AUX1']
>>> p.header[0]
'HorizontalSelector'
>>> 
>>> 'HorizontalSelector'
'HorizontalSelector'
>>> p.header[0]
'HorizontalSelector'
>>> p.header[0] =='HorizontalSelector'
True
>>> 'HorizontalSelector' in rd.keys()
False
>>> for k in rd.keys():
...     print(k in rd.keys())
... 
True
True
True
True
True
True
True
True
True
True
True
True
True
True
True
True
True
True
True
>>> for k in rd.keys():
...     if k[0] == 'H':
...         z=k
... 
>>> z
'HorizontalSelector'
>>> z==p.header[0]
True
>>> rd[p.header[0]]
Traceback (most recent call last):
  File "<stdin>", line 1, in <module>
KeyError: <value>
>>> rd[z]
0
>>> rd[z]
0
>>> rd[p.header[0]]
Traceback (most recent call last):
  File "<stdin>", line 1, in <module>
KeyError: <value>
>>> 
